Archive member included to satisfy reference by file (symbol)

c:/ti/ccs1011/ccs/tools/compiler/gcc-arm-none-eabi-7-2017-q4-major-win32/bin/../lib/gcc/arm-none-eabi/7.2.1/../../../../arm-none-eabi/lib/thumb/v7e-m\libm.a(lib_a-w_pow.o)
                              ./calculate.o (pow)
c:/ti/ccs1011/ccs/tools/compiler/gcc-arm-none-eabi-7-2017-q4-major-win32/bin/../lib/gcc/arm-none-eabi/7.2.1/../../../../arm-none-eabi/lib/thumb/v7e-m\libm.a(lib_a-e_pow.o)
                              c:/ti/ccs1011/ccs/tools/compiler/gcc-arm-none-eabi-7-2017-q4-major-win32/bin/../lib/gcc/arm-none-eabi/7.2.1/../../../../arm-none-eabi/lib/thumb/v7e-m\libm.a(lib_a-w_pow.o) (__ieee754_pow)
c:/ti/ccs1011/ccs/tools/compiler/gcc-arm-none-eabi-7-2017-q4-major-win32/bin/../lib/gcc/arm-none-eabi/7.2.1/../../../../arm-none-eabi/lib/thumb/v7e-m\libm.a(lib_a-e_sqrt.o)
                              c:/ti/ccs1011/ccs/tools/compiler/gcc-arm-none-eabi-7-2017-q4-major-win32/bin/../lib/gcc/arm-none-eabi/7.2.1/../../../../arm-none-eabi/lib/thumb/v7e-m\libm.a(lib_a-e_pow.o) (__ieee754_sqrt)
c:/ti/ccs1011/ccs/tools/compiler/gcc-arm-none-eabi-7-2017-q4-major-win32/bin/../lib/gcc/arm-none-eabi/7.2.1/../../../../arm-none-eabi/lib/thumb/v7e-m\libm.a(lib_a-s_fabs.o)
                              c:/ti/ccs1011/ccs/tools/compiler/gcc-arm-none-eabi-7-2017-q4-major-win32/bin/../lib/gcc/arm-none-eabi/7.2.1/../../../../arm-none-eabi/lib/thumb/v7e-m\libm.a(lib_a-e_pow.o) (fabs)
c:/ti/ccs1011/ccs/tools/compiler/gcc-arm-none-eabi-7-2017-q4-major-win32/bin/../lib/gcc/arm-none-eabi/7.2.1/../../../../arm-none-eabi/lib/thumb/v7e-m\libm.a(lib_a-s_finite.o)
                              c:/ti/ccs1011/ccs/tools/compiler/gcc-arm-none-eabi-7-2017-q4-major-win32/bin/../lib/gcc/arm-none-eabi/7.2.1/../../../../arm-none-eabi/lib/thumb/v7e-m\libm.a(lib_a-w_pow.o) (finite)
c:/ti/ccs1011/ccs/tools/compiler/gcc-arm-none-eabi-7-2017-q4-major-win32/bin/../lib/gcc/arm-none-eabi/7.2.1/../../../../arm-none-eabi/lib/thumb/v7e-m\libm.a(lib_a-s_lib_ver.o)
                              c:/ti/ccs1011/ccs/tools/compiler/gcc-arm-none-eabi-7-2017-q4-major-win32/bin/../lib/gcc/arm-none-eabi/7.2.1/../../../../arm-none-eabi/lib/thumb/v7e-m\libm.a(lib_a-w_pow.o) (__fdlib_version)
c:/ti/ccs1011/ccs/tools/compiler/gcc-arm-none-eabi-7-2017-q4-major-win32/bin/../lib/gcc/arm-none-eabi/7.2.1/../../../../arm-none-eabi/lib/thumb/v7e-m\libm.a(lib_a-s_matherr.o)
                              c:/ti/ccs1011/ccs/tools/compiler/gcc-arm-none-eabi-7-2017-q4-major-win32/bin/../lib/gcc/arm-none-eabi/7.2.1/../../../../arm-none-eabi/lib/thumb/v7e-m\libm.a(lib_a-w_pow.o) (matherr)
c:/ti/ccs1011/ccs/tools/compiler/gcc-arm-none-eabi-7-2017-q4-major-win32/bin/../lib/gcc/arm-none-eabi/7.2.1/../../../../arm-none-eabi/lib/thumb/v7e-m\libm.a(lib_a-s_nan.o)
                              c:/ti/ccs1011/ccs/tools/compiler/gcc-arm-none-eabi-7-2017-q4-major-win32/bin/../lib/gcc/arm-none-eabi/7.2.1/../../../../arm-none-eabi/lib/thumb/v7e-m\libm.a(lib_a-e_pow.o) (nan)
c:/ti/ccs1011/ccs/tools/compiler/gcc-arm-none-eabi-7-2017-q4-major-win32/bin/../lib/gcc/arm-none-eabi/7.2.1/../../../../arm-none-eabi/lib/thumb/v7e-m\libm.a(lib_a-s_rint.o)
                              c:/ti/ccs1011/ccs/tools/compiler/gcc-arm-none-eabi-7-2017-q4-major-win32/bin/../lib/gcc/arm-none-eabi/7.2.1/../../../../arm-none-eabi/lib/thumb/v7e-m\libm.a(lib_a-w_pow.o) (rint)
c:/ti/ccs1011/ccs/tools/compiler/gcc-arm-none-eabi-7-2017-q4-major-win32/bin/../lib/gcc/arm-none-eabi/7.2.1/../../../../arm-none-eabi/lib/thumb/v7e-m\libm.a(lib_a-s_scalbn.o)
                              c:/ti/ccs1011/ccs/tools/compiler/gcc-arm-none-eabi-7-2017-q4-major-win32/bin/../lib/gcc/arm-none-eabi/7.2.1/../../../../arm-none-eabi/lib/thumb/v7e-m\libm.a(lib_a-e_pow.o) (scalbn)
c:/ti/ccs1011/ccs/tools/compiler/gcc-arm-none-eabi-7-2017-q4-major-win32/bin/../lib/gcc/arm-none-eabi/7.2.1/../../../../arm-none-eabi/lib/thumb/v7e-m\libm.a(lib_a-s_copysign.o)
                              c:/ti/ccs1011/ccs/tools/compiler/gcc-arm-none-eabi-7-2017-q4-major-win32/bin/../lib/gcc/arm-none-eabi/7.2.1/../../../../arm-none-eabi/lib/thumb/v7e-m\libm.a(lib_a-s_scalbn.o) (copysign)
c:/ti/ccs1011/ccs/tools/compiler/gcc-arm-none-eabi-7-2017-q4-major-win32/bin/../lib/gcc/arm-none-eabi/7.2.1/thumb/v7e-m\libgcc.a(_arm_addsubdf3.o)
                              ./calculate.o (__aeabi_dsub)
c:/ti/ccs1011/ccs/tools/compiler/gcc-arm-none-eabi-7-2017-q4-major-win32/bin/../lib/gcc/arm-none-eabi/7.2.1/thumb/v7e-m\libgcc.a(_arm_muldivdf3.o)
                              ./calculate.o (__aeabi_dmul)
c:/ti/ccs1011/ccs/tools/compiler/gcc-arm-none-eabi-7-2017-q4-major-win32/bin/../lib/gcc/arm-none-eabi/7.2.1/thumb/v7e-m\libgcc.a(_arm_cmpdf2.o)
                              ./calculate.o (__aeabi_dcmpeq)
c:/ti/ccs1011/ccs/tools/compiler/gcc-arm-none-eabi-7-2017-q4-major-win32/bin/../lib/gcc/arm-none-eabi/7.2.1/thumb/v7e-m\libgcc.a(_arm_unorddf2.o)
[...]
Memory Configuration

Name             Origin             Length             Attributes
FLASH            0x00000000         0x00040000         xr
SRAM             0x20000000         0x00008000         xw
*default*        0x00000000         0xffffffff

Linker script and memory map

LOAD c:/ti/ccs1011/ccs/tools/compiler/gcc-arm-none-eabi-7-2017-q4-major-win32/bin/../lib/gcc/arm-none-eabi/7.2.1/thumb/v7e-m/crti.o
LOAD c:/ti/ccs1011/ccs/tools/compiler/gcc-arm-none-eabi-7-2017-q4-major-win32/bin/../lib/gcc/arm-none-eabi/7.2.1/thumb/v7e-m/crtbegin.o
LOAD c:/ti/ccs1011/ccs/tools/compiler/gcc-arm-none-eabi-7-2017-q4-major-win32/bin/../lib/gcc/arm-none-eabi/7.2.1/../../../../arm-none-eabi/lib/thumb/v7e-m/crt0.o
LOAD ./PLL.o
LOAD ./Port.o
LOAD ./calculate.o
LOAD ./keypad.o
LOAD ./lcd.o
LOAD ./tm4c123gh6pm_startup_ccs_gcc.o
                0x00000000                PROVIDE (_intvecs_base_address, 0x0)

.intvecs        0x00000000      0x26c
 *(.intvecs)
 .intvecs       0x00000000      0x26c ./tm4c123gh6pm_startup_ccs_gcc.o
                0x00000000                g_pfnVectors
                0x20000000                PROVIDE (_vtable_base_address, 0x20000000)

.vtable
 *(.vtable)

.text           0x00000280     0x5774
 CREATE_OBJECT_SYMBOLS
 *(.text)
 .text          0x00000280       0x40 c:/ti/ccs1011/ccs/tools/compiler/gcc-arm-none-eabi-7-2017-q4-major-win32/bin/../lib/gcc/arm-none-eabi/7.2.1/thumb/v7e-m/crtbegin.o
 .text          0x000002c0      0x378 c:/ti/ccs1011/ccs/tools/compiler/gcc-arm-none-eabi-7-2017-q4-major-win32/bin/../lib/gcc/arm-none-eabi/7.2.1/thumb/v7e-m\libgcc.a(_arm_addsubdf3.o)
                0x000002c0                __aeabi_drsub
                0x000002c8                __aeabi_dsub
                0x000002c8                __subdf3
                0x000002cc                __aeabi_dadd
                0x000002cc                __adddf3
                0x00000544                __floatunsidf
                0x00000544                __aeabi_ui2d
                0x00000564                __floatsidf
                0x00000564                __aeabi_i2d
                0x00000588                __aeabi_f2d
                0x00000588                __extendsfdf2
                0x000005cc                __floatundidf
                0x000005cc                __aeabi_ul2d
                0x000005dc                __floatdidf
                0x000005dc                __aeabi_l2d
 .text          0x00000638      0x424 c:/ti/ccs1011/ccs/tools/compiler/gcc-arm-none-eabi-7-2017-q4-major-win32/bin/../lib/gcc/arm-none-eabi/7.2.1/thumb/v7e-m\libgcc.a(_arm_muldivdf3.o)
                0x00000638                __aeabi_dmul
                0x00000638                __muldf3
                0x0000088c                __divdf3
                0x0000088c                __aeabi_ddiv
 .text          0x00000a5c      0x110 c:/ti/ccs1011/ccs/tools/compiler/gcc-arm-none-eabi-7-2017-q4-major-win32/bin/../lib/gcc/arm-none-eabi/7.2.1/thumb/v7e-m\libgcc.a(_arm_cmpdf2.o)
                0x00000a5c                __gtdf2
                0x00000a5c                __gedf2
                0x00000a64                __ltdf2
                0x00000a64                __ledf2
                0x00000a6c                __nedf2
                0x00000a6c                __eqdf2
                0x00000a6c                __cmpdf2
                0x00000ae8                __aeabi_cdrcmple
                0x00000af8                __aeabi_cdcmpeq
                0x00000af8                __aeabi_cdcmple
                0x00000b08                __aeabi_dcmpeq
                0x00000b1c                __aeabi_dcmplt
                0x00000b30                __aeabi_dcmple
                0x00000b44                __aeabi_dcmpge
                0x00000b58                __aeabi_dcmpgt
 .text          0x00000b6c       0x2c c:/ti/ccs1011/ccs/tools/compiler/gcc-arm-none-eabi-7-2017-q4-major-win32/bin/../lib/gcc/arm-none-eabi/7.2.1/thumb/v7e-m\libgcc.a(_arm_unorddf2.o)
                0x00000b6c                __unorddf2
                0x00000b6c                __aeabi_dcmpun
 .text          0x00000b98       0x50 c:/ti/ccs1011/ccs/tools/compiler/gcc-arm-none-eabi-7-2017-q4-major-win32/bin/../lib/gcc/arm-none-eabi/7.2.1/thumb/v7e-m\libgcc.a(_arm_fixdfsi.o)
                0x00000b98                __aeabi_d2iz
                0x00000b98                __fixdfsi
 .text          0x00000be8      0x134 c:/ti/ccs1011/ccs/tools/compiler/gcc-arm-none-eabi-7-2017-q4-major-win32/bin/../lib/gcc/arm-none-eabi/7.2.1/../../../../arm-none-eabi/lib/thumb/v7e-m\libg.a(lib_a-memcpy.o)
                0x00000be8                memcpy
 *fill*         0x00000d1c       0x24 
 .text          0x00000d40       0xdc c:/ti/ccs1011/ccs/tools/compiler/gcc-arm-none-eabi-7-2017-q4-major-win32/bin/../lib/gcc/arm-none-eabi/7.2.1/../../../../arm-none-eabi/lib/thumb/v7e-m\libg.a(lib_a-strlen.o)
                0x00000d40                strlen
 .text          0x00000e1c       0x40 c:/ti/ccs1011/ccs/tools/compiler/gcc-arm-none-eabi-7-2017-q4-major-win32/bin/../lib/gcc/arm-none-eabi/7.2.1/thumb/v7e-m\libgcc.a(_arm_fixunsdfsi.o)
                0x00000e1c                __aeabi_d2uiz
                0x00000e1c                __fixunsdfsi
 *(.text.*)
 .text.SysTick_Init
                0x00000e5c       0x20 ./PLL.o
                0x00000e5c                SysTick_Init
 .text.PLL_Init
                0x00000e7c       0x68 ./PLL.o
                0x00000e7c                PLL_Init
 .text.SysTick_Wait
                0x00000ee4       0x20 ./PLL.o
                0x00000ee4                SysTick_Wait
 .text.PortE_Init
                0x00000f04       0x54 ./Port.o
                0x00000f04                PortE_Init
 .text.PortD_Init
                0x00000f58       0x58 ./Port.o
                0x00000f58                PortD_Init
 .text.PortB_Init
                0x00000fb0       0x58 ./Port.o
                0x00000fb0                PortB_Init
 .text.PortA_Init
                0x00001008       0x58 ./Port.o
                0x00001008                PortA_Init
 .text.getNextOperand
                0x00001060       0x30 ./calculate.o
                0x00001060                getNextOperand
 .text.getEValue
                0x00001090      0x138 ./calculate.o
                0x00001090                getEValue
 .text.getNextNumber
                0x000011c8      0x148 ./calculate.o
                0x000011c8                getNextNumber
 .text.calculate
                0x00001310       0x8c ./calculate.o
                0x00001310                calculate
 .text.waitMicSec
                0x0000139c       0x16 ./calculate.o
                0x0000139c                waitMicSec
 *fill*         0x000013b2        0x2 
 .text.main     0x000013b4      0x184 ./calculate.o
                0x000013b4                main
 .text.getChar  0x00001538      0x1cc ./keypad.o
                0x00001538                getChar
 .text.SendDisplayNibble
                0x00001704       0x58 ./lcd.o
                0x00001704                SendDisplayNibble
 .text.SendInsByte
                0x0000175c       0x1e ./lcd.o
                0x0000175c                SendInsByte
 *fill*         0x0000177a        0x2 
 .text.lcd_Init
                0x0000177c       0x68 ./lcd.o
                0x0000177c                lcd_Init
 .text.SendDataByte
                0x000017e4       0x1e ./lcd.o
                0x000017e4                SendDataByte
 .text.onDisplay
                0x00001802       0x14 ./lcd.o
                0x00001802                onDisplay
 .text.clearDisplay
                0x00001816       0x14 ./lcd.o
                0x00001816                clearDisplay
 .text.printDisplay
                0x0000182a      0x1c6 ./lcd.o
                0x0000182a                printDisplay
 .text.nextLine
                0x000019f0        0xc ./lcd.o
                0x000019f0                nextLine
 .text.divByZero
                0x000019fc       0xb0 ./lcd.o
                0x000019fc                divByZero
 .text.NmiSR    0x00001aac        0x2 ./tm4c123gh6pm_startup_ccs_gcc.o
 .text.FaultISR
                0x00001aae        0x2 ./tm4c123gh6pm_startup_ccs_gcc.o
 .text.IntDefaultHandler
                0x00001ab0        0x2 ./tm4c123gh6pm_startup_ccs_gcc.o
 *fill*         0x00001ab2        0x2 
 .text.ResetISR
                0x00001ab4       0x50 ./tm4c123gh6pm_startup_ccs_gcc.o
                0x00001ab4                ResetISR
 .text.pow      0x00001b04      0x314 c:/ti/ccs1011/ccs/tools/compiler/gcc-arm-none-eabi-7-2017-q4-major-win32/bin/../lib/gcc/arm-none-eabi/7.2.1/../../../../arm-none-eabi/lib/thumb/v7e-m\libm.a(lib_a-w_pow.o)
                0x00001b04                pow
 .text.__ieee754_pow
                0x00001e18      0xac4 c:/ti/ccs1011/ccs/tools/compiler/gcc-arm-none-eabi-7-2017-q4-major-win32/bin/../lib/gcc/arm-none-eabi/7.2.1/../../../../arm-none-eabi/lib/thumb/v7e-m\libm.a(lib_a-e_pow.o)
                0x00001e18                __ieee754_pow
 .text.__ieee754_sqrt
                0x000028dc      0x184 c:/ti/ccs1011/ccs/tools/compiler/gcc-arm-none-eabi-7-2017-q4-major-win32/bin/../lib/gcc/arm-none-eabi/7.2.1/../../../../arm-none-eabi/lib/thumb/v7e-m\libm.a(lib_a-e_sqrt.o)
                0x000028dc                __ieee754_sqrt
 .text.fabs     0x00002a60        0x8 c:/ti/ccs1011/ccs/tools/compiler/gcc-arm-none-eabi-7-2017-q4-major-win32/bin/../lib/gcc/arm-none-eabi/7.2.1/../../../../arm-none-eabi/lib/thumb/v7e-m\libm.a(lib_a-s_fabs.o)
                0x00002a60                fabs
 .text.finite   0x00002a68        0xc c:/ti/ccs1011/ccs/tools/compiler/gcc-arm-none-eabi-7-2017-q4-major-win32/bin/../lib/gcc/arm-none-eabi/7.2.1/../../../../arm-none-eabi/lib/thumb/v7e-m\libm.a(lib_a-s_finite.o)
                0x00002a68                finite
 .text.matherr  0x00002a74        0x4 c:/ti/ccs1011/ccs/tools/compiler/gcc-arm-none-eabi-7-2017-q4-major-win32/bin/../lib/gcc/arm-none-eabi/7.2.1/../../../../arm-none-eabi/lib/thumb/v7e-m\libm.a(lib_a-s_matherr.o)
                0x00002a74                matherr
 .text.nan      0x00002a78        0xc c:/ti/ccs1011/ccs/tools/compiler/gcc-arm-none-eabi-7-2017-q4-major-win32/bin/../lib/gcc/arm-none-eabi/7.2.1/../../../../arm-none-eabi/lib/thumb/v7e-m\libm.a(lib_a-s_nan.o)
                0x00002a78                nan
 .text.rint     0x00002a84      0x118 c:/ti/ccs1011/ccs/tools/compiler/gcc-arm-none-eabi-7-2017-q4-major-win32/bin/../lib/gcc/arm-none-eabi/7.2.1/../../../../arm-none-eabi/lib/thumb/v7e-m\libm.a(lib_a-s_rint.o)
                0x00002a84                rint
 *fill*         0x00002b9c        0x4 
 .text.scalbn   0x00002ba0       0xfc c:/ti/ccs1011/ccs/tools/compiler/gcc-arm-none-eabi-7-2017-q4-major-win32/bin/../lib/gcc/arm-none-eabi/7.2.1/../../../../arm-none-eabi/lib/thumb/v7e-m\libm.a(lib_a-s_scalbn.o)
                0x00002ba0                scalbn
 .text.copysign
                0x00002c9c       0x10 c:/ti/ccs1011/ccs/tools/compiler/gcc-arm-none-eabi-7-2017-q4-major-win32/bin/../lib/gcc/arm-none-eabi/7.2.1/../../../../arm-none-eabi/lib/thumb/v7e-m\libm.a(lib_a-s_copysign.o)
                0x00002c9c                copysign
 .text.atof     0x00002cac        0x8 c:/ti/ccs1011/ccs/tools/compiler/gcc-arm-none-eabi-7-2017-q4-major-win32/bin/../lib/gcc/arm-none-eabi/7.2.1/../../../../arm-none-eabi/lib/thumb/v7e-m\libg.a(lib_a-atof.o)
                0x00002cac                atof
 .text.atoi     0x00002cb4        0x8 c:/ti/ccs1011/ccs/tools/compiler/gcc-arm-none-eabi-7-2017-q4-major-win32/bin/../lib/gcc/arm-none-eabi/7.2.1/../../../../arm-none-eabi/lib/thumb/v7e-m\libg.a(lib_a-atoi.o)
                0x00002cb4                atoi
 .text.__errno  0x00002cbc        0xc c:/ti/ccs1011/ccs/tools/compiler/gcc-arm-none-eabi-7-2017-q4-major-win32/bin/../lib/gcc/arm-none-eabi/7.2.1/../../../../arm-none-eabi/lib/thumb/v7e-m\libg.a(lib_a-errno.o)
                0x00002cbc                __errno
 .text.__itoa   0x00002cc8       0x38 c:/ti/ccs1011/ccs/tools/compiler/gcc-arm-none-eabi-7-2017-q4-major-win32/bin/../lib/gcc/arm-none-eabi/7.2.1/../../../../arm-none-eabi/lib/thumb/v7e-m\libg.a(lib_a-itoa.o)
                0x00002cc8                __itoa
 .text.__locale_ctype_ptr_l
                0x00002d00        0x8 c:/ti/ccs1011/ccs/tools/compiler/gcc-arm-none-eabi-7-2017-q4-major-win32/bin/../lib/gcc/arm-none-eabi/7.2.1/../../../../arm-none-eabi/lib/thumb/v7e-m\libg.a(lib_a-locale.o)
                0x00002d00                __locale_ctype_ptr_l
 .text.__locale_ctype_ptr
                0x00002d08       0x1c c:/ti/ccs1011/ccs/tools/compiler/gcc-arm-none-eabi-7-2017-q4-major-win32/bin/../lib/gcc/arm-none-eabi/7.2.1/../../../../arm-none-eabi/lib/thumb/v7e-m\libg.a(lib_a-locale.o)
                0x00002d08                __locale_ctype_ptr
 .text.__ascii_mbtowc
                0x00002d24       0x2c c:/ti/ccs1011/ccs/tools/compiler/gcc-arm-none-eabi-7-2017-q4-major-win32/bin/../lib/gcc/arm-none-eabi/7.2.1/../../../../arm-none-eabi/lib/thumb/v7e-m\libg.a(lib_a-mbtowc_r.o)
                0x00002d24                __ascii_mbtowc
 .text.memset   0x00002d50       0x94 c:/ti/ccs1011/ccs/tools/compiler/gcc-arm-none-eabi-7-2017-q4-major-win32/bin/../lib/gcc/arm-none-eabi/7.2.1/../../../../arm-none-eabi/lib/thumb/v7e-m\libg.a(lib_a-memset.o)
                0x00002d50                memset
 .text.unlikely.sulp
                0x00002de4       0x42 c:/ti/ccs1011/ccs/tools/compiler/gcc-arm-none-eabi-7-2017-q4-major-win32/bin/../lib/gcc/arm-none-eabi/7.2.1/../../../../arm-none-eabi/lib/thumb/v7e-m\libg.a(lib_a-strtod.o)
 *fill*         0x00002e26        0x2 
 .text._strtod_l
                0x00002e28      0xf30 c:/ti/ccs1011/ccs/tools/compiler/gcc-arm-none-eabi-7-2017-q4-major-win32/bin/../lib/gcc/arm-none-eabi/7.2.1/../../../../arm-none-eabi/lib/thumb/v7e-m\libg.a(lib_a-strtod.o)
                0x00002e28                _strtod_l
 .text.strtod   0x00003d58       0x24 c:/ti/ccs1011/ccs/tools/compiler/gcc-arm-none-eabi-7-2017-q4-major-win32/bin/../lib/gcc/arm-none-eabi/7.2.1/../../../../arm-none-eabi/lib/thumb/v7e-m\libg.a(lib_a-strtod.o)
                0x00003d58                strtod
 .text._strtol_l.isra.0
                0x00003d7c      0x124 c:/ti/ccs1011/ccs/tools/compiler/gcc-arm-none-eabi-7-2017-q4-major-win32/bin/../lib/gcc/arm-none-eabi/7.2.1/../../../../arm-none-eabi/lib/thumb/v7e-m\libg.a(lib_a-strtol.o)
 .text.strtol   0x00003ea0       0x2c c:/ti/ccs1011/ccs/tools/compiler/gcc-arm-none-eabi-7-2017-q4-major-win32/bin/../lib/gcc/arm-none-eabi/7.2.1/../../../../arm-none-eabi/lib/thumb/v7e-m\libg.a(lib_a-strtol.o)
                0x00003ea0                strtol
 .text.__utoa   0x00003ecc       0x80 c:/ti/ccs1011/ccs/tools/compiler/gcc-arm-none-eabi-7-2017-q4-major-win32/bin/../lib/gcc/arm-none-eabi/7.2.1/../../../../arm-none-eabi/lib/thumb/v7e-m\libg.a(lib_a-utoa.o)
                0x00003ecc                __utoa
 .text.__ascii_wctomb
                0x00003f4c       0x1c c:/ti/ccs1011/ccs/tools/compiler/gcc-arm-none-eabi-7-2017-q4-major-win32/bin/../lib/gcc/arm-none-eabi/7.2.1/../../../../arm-none-eabi/lib/thumb/v7e-m\libg.a(lib_a-wctomb_r.o)
                0x00003f4c                __ascii_wctomb
 .text.startup.register_fini
                0x00003f68       0x14 c:/ti/ccs1011/ccs/tools/compiler/gcc-arm-none-eabi-7-2017-q4-major-win32/bin/../lib/gcc/arm-none-eabi/7.2.1/../../../../arm-none-eabi/lib/thumb/v7e-m\libg.a(lib_a-__call_atexit.o)
 .text.atexit   0x00003f7c        0xc c:/ti/ccs1011/ccs/tools/compiler/gcc-arm-none-eabi-7-2017-q4-major-win32/bin/../lib/gcc/arm-none-eabi/7.2.1/../../../../arm-none-eabi/lib/thumb/v7e-m\libg.a(lib_a-atexit.o)
                0x00003f7c                atexit
 .text.__libc_fini_array
                0x00003f88       0x34 c:/ti/ccs1011/ccs/tools/compiler/gcc-arm-none-eabi-7-2017-q4-major-win32/bin/../lib/gcc/arm-none-eabi/7.2.1/../../../../arm-none-eabi/lib/thumb/v7e-m\libg.a(lib_a-fini.o)
                0x00003f88                __libc_fini_array
 .text.rshift   0x00003fbc       0xb0 c:/ti/ccs1011/ccs/tools/compiler/gcc-arm-none-eabi-7-2017-q4-major-win32/bin/../lib/gcc/arm-none-eabi/7.2.1/../../../../arm-none-eabi/lib/thumb/v7e-m\libg.a(lib_a-gdtoa-gethex.o)
 .text.__gethex
                0x0000406c      0x520 c:/ti/ccs1011/ccs/tools/compiler/gcc-arm-none-eabi-7-2017-q4-major-win32/bin/../lib/gcc/arm-none-eabi/7.2.1/../../../../arm-none-eabi/lib/thumb/v7e-m\libg.a(lib_a-gdtoa-gethex.o)
                0x0000406c                __gethex
 .text.__match  0x0000458c       0x30 c:/ti/ccs1011/ccs/tools/compiler/gcc-arm-none-eabi-7-2017-q4-major-win32/bin/../lib/gcc/arm-none-eabi/7.2.1/../../../../arm-none-eabi/lib/thumb/v7e-m\libg.a(lib_a-gdtoa-hexnan.o)
                0x0000458c                __match
 .text.__hexnan
                0x000045bc      0x1a0 c:/ti/ccs1011/ccs/tools/compiler/gcc-arm-none-eabi-7-2017-q4-major-win32/bin/../lib/gcc/arm-none-eabi/7.2.1/../../../../arm-none-eabi/lib/thumb/v7e-m\libg.a(lib_a-gdtoa-hexnan.o)
                0x000045bc                __hexnan
 .text.__localeconv_l
                0x0000475c        0x4 c:/ti/ccs1011/ccs/tools/compiler/gcc-arm-none-eabi-7-2017-q4-major-win32/bin/../lib/gcc/arm-none-eabi/7.2.1/../../../../arm-none-eabi/lib/thumb/v7e-m\libg.a(lib_a-localeconv.o)
                0x0000475c                __localeconv_l
 .text.__retarget_lock_acquire_recursive
                0x00004760        0x4 c:/ti/ccs1011/ccs/tools/compiler/gcc-arm-none-eabi-7-2017-q4-major-win32/bin/../lib/gcc/arm-none-eabi/7.2.1/../../../../arm-none-eabi/lib/thumb/v7e-m\libg.a(lib_a-lock.o)
                0x00004760                __retarget_lock_acquire_recursive
 .text.__retarget_lock_release_recursive
                0x00004764        0x4 c:/ti/ccs1011/ccs/tools/compiler/gcc-arm-none-eabi-7-2017-q4-major-win32/bin/../lib/gcc/arm-none-eabi/7.2.1/../../../../arm-none-eabi/lib/thumb/v7e-m\libg.a(lib_a-lock.o)
                0x00004764                __retarget_lock_release_recursive
 .text._Balloc  0x00004768       0x4c c:/ti/ccs1011/ccs/tools/compiler/gcc-arm-none-eabi-7-2017-q4-major-win32/bin/../lib/gcc/arm-none-eabi/7.2.1/../../../../arm-none-eabi/lib/thumb/v7e-m\libg.a(lib_a-mprec.o)
                0x00004768                _Balloc
 .text._Bfree   0x000047b4       0x14 c:/ti/ccs1011/ccs/tools/compiler/gcc-arm-none-eabi-7-2017-q4-major-win32/bin/../lib/gcc/arm-none-eabi/7.2.1/../../../../arm-none-eabi/lib/thumb/v7e-m\libg.a(lib_a-mprec.o)
                0x000047b4                _Bfree
 .text.__multadd
                0x000047c8       0x80 c:/ti/ccs1011/ccs/tools/compiler/gcc-arm-none-eabi-7-2017-q4-major-win32/bin/../lib/gcc/arm-none-eabi/7.2.1/../../../../arm-none-eabi/lib/thumb/v7e-m\libg.a(lib_a-mprec.o)
                0x000047c8                __multadd
 .text.__s2b    0x00004848       0x98 c:/ti/ccs1011/ccs/tools/compiler/gcc-arm-none-eabi-7-2017-q4-major-win32/bin/../lib/gcc/arm-none-eabi/7.2.1/../../../../arm-none-eabi/lib/thumb/v7e-m\libg.a(lib_a-mprec.o)
                0x00004848                __s2b
 .text.__hi0bits
                0x000048e0       0x40 c:/ti/ccs1011/ccs/tools/compiler/gcc-arm-none-eabi-7-2017-q4-major-win32/bin/../lib/gcc/arm-none-eabi/7.2.1/../../../../arm-none-eabi/lib/thumb/v7e-m\libg.a(lib_a-mprec.o)
                0x000048e0                __hi0bits
 .text.__lo0bits
                0x00004920       0x60 c:/ti/ccs1011/ccs/tools/compiler/gcc-arm-none-eabi-7-2017-q4-major-win32/bin/../lib/gcc/arm-none-eabi/7.2.1/../../../../arm-none-eabi/lib/thumb/v7e-m\libg.a(lib_a-mprec.o)
                0x00004920                __lo0bits
 .text.__i2b    0x00004980       0x14 c:/ti/ccs1011/ccs/tools/compiler/gcc-arm-none-eabi-7-2017-q4-major-win32/bin/../lib/gcc/arm-none-eabi/7.2.1/../../../../arm-none-eabi/lib/thumb/v7e-m\libg.a(lib_a-mprec.o)
                0x00004980                __i2b
 .text.__multiply
                0x00004994      0x14c c:/ti/ccs1011/ccs/tools/compiler/gcc-arm-none-eabi-7-2017-q4-major-win32/bin/../lib/gcc/arm-none-eabi/7.2.1/../../../../arm-none-eabi/lib/thumb/v7e-m\libg.a(lib_a-mprec.o)
                0x00004994                __multiply
 .text.__pow5mult
                0x00004ae0       0xa0 c:/ti/ccs1011/ccs/tools/compiler/gcc-arm-none-eabi-7-2017-q4-major-win32/bin/../lib/gcc/arm-none-eabi/7.2.1/../../../../arm-none-eabi/lib/thumb/v7e-m\libg.a(lib_a-mprec.o)
                0x00004ae0                __pow5mult
 .text.__lshift
                0x00004b80       0xac c:/ti/ccs1011/ccs/tools/compiler/gcc-arm-none-eabi-7-2017-q4-major-win32/bin/../lib/gcc/arm-none-eabi/7.2.1/../../../../arm-none-eabi/lib/thumb/v7e-m\libg.a(lib_a-mprec.o)
                0x00004b80                __lshift
 .text.__mcmp   0x00004c2c       0x38 c:/ti/ccs1011/ccs/tools/compiler/gcc-arm-none-eabi-7-2017-q4-major-win32/bin/../lib/gcc/arm-none-eabi/7.2.1/../../../../arm-none-eabi/lib/thumb/v7e-m\libg.a(lib_a-mprec.o)
                0x00004c2c                __mcmp
 .text.__mdiff  0x00004c64       0xec c:/ti/ccs1011/ccs/tools/compiler/gcc-arm-none-eabi-7-2017-q4-major-win32/bin/../lib/gcc/arm-none-eabi/7.2.1/../../../../arm-none-eabi/lib/thumb/v7e-m\libg.a(lib_a-mprec.o)
                0x00004c64                __mdiff
 .text.__ulp    0x00004d50       0x44 c:/ti/ccs1011/ccs/tools/compiler/gcc-arm-none-eabi-7-2017-q4-major-win32/bin/../lib/gcc/arm-none-eabi/7.2.1/../../../../arm-none-eabi/lib/thumb/v7e-m\libg.a(lib_a-mprec.o)
                0x00004d50                __ulp
 .text.__b2d    0x00004d94       0xc0 c:/ti/ccs1011/ccs/tools/compiler/gcc-arm-none-eabi-7-2017-q4-major-win32/bin/../lib/gcc/arm-none-eabi/7.2.1/../../../../arm-none-eabi/lib/thumb/v7e-m\libg.a(lib_a-mprec.o)
                0x00004d94                __b2d
 .text.__d2b    0x00004e54       0xb0 c:/ti/ccs1011/ccs/tools/compiler/gcc-arm-none-eabi-7-2017-q4-major-win32/bin/../lib/gcc/arm-none-eabi/7.2.1/../../../../arm-none-eabi/lib/thumb/v7e-m\libg.a(lib_a-mprec.o)
                0x00004e54                __d2b
 .text.__ratio  0x00004f04       0x5c c:/ti/ccs1011/ccs/tools/compiler/gcc-arm-none-eabi-7-2017-q4-major-win32/bin/../lib/gcc/arm-none-eabi/7.2.1/../../../../arm-none-eabi/lib/thumb/v7e-m\libg.a(lib_a-mprec.o)
                0x00004f04                __ratio
 .text.__copybits
                0x00004f60       0x48 c:/ti/ccs1011/ccs/tools/compiler/gcc-arm-none-eabi-7-2017-q4-major-win32/bin/../lib/gcc/arm-none-eabi/7.2.1/../../../../arm-none-eabi/lib/thumb/v7e-m\libg.a(lib_a-mprec.o)
                0x00004f60                __copybits
 .text.__any_on
                0x00004fa8       0x54 c:/ti/ccs1011/ccs/tools/compiler/gcc-arm-none-eabi-7-2017-q4-major-win32/bin/../lib/gcc/arm-none-eabi/7.2.1/../../../../arm-none-eabi/lib/thumb/v7e-m\libg.a(lib_a-mprec.o)
                0x00004fa8                __any_on
 .text.strncmp  0x00004ffc       0x98 c:/ti/ccs1011/ccs/tools/compiler/gcc-arm-none-eabi-7-2017-q4-major-win32/bin/../lib/gcc/arm-none-eabi/7.2.1/../../../../arm-none-eabi/lib/thumb/v7e-m\libg.a(lib_a-strncmp.o)
                0x00004ffc                strncmp
 .text.__register_exitproc
                0x00005094       0xc0 c:/ti/ccs1011/ccs/tools/compiler/gcc-arm-none-eabi-7-2017-q4-major-win32/bin/../lib/gcc/arm-none-eabi/7.2.1/../../../../arm-none-eabi/lib/thumb/v7e-m\libg.a(lib_a-__atexit.o)
                0x00005094                __register_exitproc
 .text._calloc_r
                0x00005154       0x68 c:/ti/ccs1011/ccs/tools/compiler/gcc-arm-none-eabi-7-2017-q4-major-win32/bin/../lib/gcc/arm-none-eabi/7.2.1/../../../../arm-none-eabi/lib/thumb/v7e-m\libg.a(lib_a-callocr.o)
                0x00005154                _calloc_r
 .text._malloc_r
                0x000051bc      0x548 c:/ti/ccs1011/ccs/tools/compiler/gcc-arm-none-eabi-7-2017-q4-major-win32/bin/../lib/gcc/arm-none-eabi/7.2.1/../../../../arm-none-eabi/lib/thumb/v7e-m\libg.a(lib_a-mallocr.o)
                0x000051bc                _malloc_r
 .text.__malloc_lock
                0x00005704        0xc c:/ti/ccs1011/ccs/tools/compiler/gcc-arm-none-eabi-7-2017-q4-major-win32/bin/../lib/gcc/arm-none-eabi/7.2.1/../../../../arm-none-eabi/lib/thumb/v7e-m\libg.a(lib_a-mlock.o)
                0x00005704                __malloc_lock
 .text.__malloc_unlock
                0x00005710        0xc c:/ti/ccs1011/ccs/tools/compiler/gcc-arm-none-eabi-7-2017-q4-major-win32/bin/../lib/gcc/arm-none-eabi/7.2.1/../../../../arm-none-eabi/lib/thumb/v7e-m\libg.a(lib_a-mlock.o)
                0x00005710                __malloc_unlock
 .text._sbrk_r  0x0000571c       0x24 c:/ti/ccs1011/ccs/tools/compiler/gcc-arm-none-eabi-7-2017-q4-major-win32/bin/../lib/gcc/arm-none-eabi/7.2.1/../../../../arm-none-eabi/lib/thumb/v7e-m\libg.a(lib_a-sbrkr.o)
                0x0000571c                _sbrk_r
 .text._malloc_trim_r
                0x00005740       0xa0 c:/ti/ccs1011/ccs/tools/compiler/gcc-arm-none-eabi-7-2017-q4-major-win32/bin/../lib/gcc/arm-none-eabi/7.2.1/../../../../arm-none-eabi/lib/thumb/v7e-m\libg.a(lib_a-freer.o)
                0x00005740                _malloc_trim_r
 .text._free_r  0x000057e0      0x1e8 c:/ti/ccs1011/ccs/tools/compiler/gcc-arm-none-eabi-7-2017-q4-major-win32/bin/../lib/gcc/arm-none-eabi/7.2.1/../../../../arm-none-eabi/lib/thumb/v7e-m\libg.a(lib_a-freer.o)
                0x000057e0                _free_r
 .text._sbrk    0x000059c8       0x1c c:/ti/ccs1011/ccs/tools/compiler/gcc-arm-none-eabi-7-2017-q4-major-win32/bin/../lib/gcc/arm-none-eabi/7.2.1/../../../../arm-none-eabi/lib/thumb/v7e-m\libnosys.a(sbrk.o)
                0x000059c8                _sbrk
                0x000059e4                . = ALIGN (0x4)
 *(.ctors)
                0x000059e4                . = ALIGN (0x4)
 *(.dtors)
                0x000059e4                . = ALIGN (0x4)
                0x000059e4                __init_array_start = .
 *(.init_array*)
 .init_array    0x000059e4        0x4 c:/ti/ccs1011/ccs/tools/compiler/gcc-arm-none-eabi-7-2017-q4-major-win32/bin/../lib/gcc/arm-none-eabi/7.2.1/thumb/v7e-m/crtbegin.o
 .init_array.00000
                0x000059e8        0x4 c:/ti/ccs1011/ccs/tools/compiler/gcc-arm-none-eabi-7-2017-q4-major-win32/bin/../lib/gcc/arm-none-eabi/7.2.1/../../../../arm-none-eabi/lib/thumb/v7e-m\libg.a(lib_a-__call_atexit.o)
                0x000059ec                __init_array_end = .
 *(.init)
 .init          0x000059ec        0x4 c:/ti/ccs1011/ccs/tools/compiler/gcc-arm-none-eabi-7-2017-q4-major-win32/bin/../lib/gcc/arm-none-eabi/7.2.1/thumb/v7e-m/crti.o
                0x000059ec                _init
 *(.fini*)
 .fini          0x000059f0        0x4 c:/ti/ccs1011/ccs/tools/compiler/gcc-arm-none-eabi-7-2017-q4-major-win32/bin/../lib/gcc/arm-none-eabi/7.2.1/thumb/v7e-m/crti.o
                0x000059f0                _fini
                [!provide]                PROVIDE (__etext, .)
                [!provide]                PROVIDE (_etext, .)
                [!provide]                PROVIDE (etext, .)

.glue_7         0x000059f4        0x0
 .glue_7        0x000059f4        0x0 linker stubs

.glue_7t        0x000059f4        0x0
 .glue_7t       0x000059f4        0x0 linker stubs

.vfp11_veneer   0x000059f4        0x0
 .vfp11_veneer  0x000059f4        0x0 linker stubs

.v4_bx          0x000059f4        0x0
 .v4_bx         0x000059f4        0x0 linker stubs

.iplt           0x000059f4        0x0
 .iplt          0x000059f4        0x0 c:/ti/ccs1011/ccs/tools/compiler/gcc-arm-none-eabi-7-2017-q4-major-win32/bin/../lib/gcc/arm-none-eabi/7.2.1/thumb/v7e-m/crtbegin.o

.rodata         0x000059f8      0x3bc
 *(.rodata)
 .rodata        0x000059f8        0x3 ./calculate.o
 *(.rodata*)
 .rodata.main.str1.4
                0x000059fb        0x0 ./calculate.o
                                  0x1 (size before relaxing)
 *fill*         0x000059fb        0x1 
 .rodata.pow.str1.4
                0x000059fc        0x4 c:/ti/ccs1011/ccs/tools/compiler/gcc-arm-none-eabi-7-2017-q4-major-win32/bin/../lib/gcc/arm-none-eabi/7.2.1/../../../../arm-none-eabi/lib/thumb/v7e-m\libm.a(lib_a-w_pow.o)
 .rodata.__ieee754_pow.str1.4
                0x00005a00        0x1 c:/ti/ccs1011/ccs/tools/compiler/gcc-arm-none-eabi-7-2017-q4-major-win32/bin/../lib/gcc/arm-none-eabi/7.2.1/../../../../arm-none-eabi/lib/thumb/v7e-m\libm.a(lib_a-e_pow.o)
 .rodata.TWO52  0x00005a00       0x10 c:/ti/ccs1011/ccs/tools/compiler/gcc-arm-none-eabi-7-2017-q4-major-win32/bin/../lib/gcc/arm-none-eabi/7.2.1/../../../../arm-none-eabi/lib/thumb/v7e-m\libm.a(lib_a-s_rint.o)
 .rodata._global_impure_ptr
                0x00005a10        0x4 c:/ti/ccs1011/ccs/tools/compiler/gcc-arm-none-eabi-7-2017-q4-major-win32/bin/../lib/gcc/arm-none-eabi/7.2.1/../../../../arm-none-eabi/lib/thumb/v7e-m\libg.a(lib_a-impure.o)
                0x00005a10                _global_impure_ptr
 .rodata._setlocale_r.str1.4
                0x00005a14        0xa c:/ti/ccs1011/ccs/tools/compiler/gcc-arm-none-eabi-7-2017-q4-major-win32/bin/../lib/gcc/arm-none-eabi/7.2.1/../../../../arm-none-eabi/lib/thumb/v7e-m\libg.a(lib_a-locale.o)
                                  0xd (size before relaxing)
 *fill*         0x00005a1e        0x2 
 .rodata.str1.4
                0x00005a20        0x2 c:/ti/ccs1011/ccs/tools/compiler/gcc-arm-none-eabi-7-2017-q4-major-win32/bin/../lib/gcc/arm-none-eabi/7.2.1/../../../../arm-none-eabi/lib/thumb/v7e-m\libg.a(lib_a-locale.o)
 *fill*         0x00005a22        0x2 
 .rodata._strtod_l.str1.4
                0x00005a24        0xf c:/ti/ccs1011/ccs/tools/compiler/gcc-arm-none-eabi-7-2017-q4-major-win32/bin/../lib/gcc/arm-none-eabi/7.2.1/../../../../arm-none-eabi/lib/thumb/v7e-m\libg.a(lib_a-strtod.o)
 *fill*         0x00005a33        0x1 
 .rodata.fpi.6168
                0x00005a34       0x14 c:/ti/ccs1011/ccs/tools/compiler/gcc-arm-none-eabi-7-2017-q4-major-win32/bin/../lib/gcc/arm-none-eabi/7.2.1/../../../../arm-none-eabi/lib/thumb/v7e-m\libg.a(lib_a-strtod.o)
 .rodata.fpinan.6204
                0x00005a48       0x14 c:/ti/ccs1011/ccs/tools/compiler/gcc-arm-none-eabi-7-2017-q4-major-win32/bin/../lib/gcc/arm-none-eabi/7.2.1/../../../../arm-none-eabi/lib/thumb/v7e-m\libg.a(lib_a-strtod.o)
 *fill*         0x00005a5c        0x4 
 .rodata.tinytens
                0x00005a60       0x28 c:/ti/ccs1011/ccs/tools/compiler/gcc-arm-none-eabi-7-2017-q4-major-win32/bin/../lib/gcc/arm-none-eabi/7.2.1/../../../../arm-none-eabi/lib/thumb/v7e-m\libg.a(lib_a-strtod.o)
 .rodata.__utoa.str1.4
                0x00005a88       0x28 c:/ti/ccs1011/ccs/tools/compiler/gcc-arm-none-eabi-7-2017-q4-major-win32/bin/../lib/gcc/arm-none-eabi/7.2.1/../../../../arm-none-eabi/lib/thumb/v7e-m\libg.a(lib_a-utoa.o)
                                 0x25 (size before relaxing)
 .rodata._ctype_
                0x00005ab0      0x101 c:/ti/ccs1011/ccs/tools/compiler/gcc-arm-none-eabi-7-2017-q4-major-win32/bin/../lib/gcc/arm-none-eabi/7.2.1/../../../../arm-none-eabi/lib/thumb/v7e-m\libg.a(lib_a-ctype_.o)
                0x00005ab0                _ctype_
 *fill*         0x00005bb1        0x3 
 .rodata.__hexdig
                0x00005bb4      0x100 c:/ti/ccs1011/ccs/tools/compiler/gcc-arm-none-eabi-7-2017-q4-major-win32/bin/../lib/gcc/arm-none-eabi/7.2.1/../../../../arm-none-eabi/lib/thumb/v7e-m\libg.a(lib_a-gdtoa-gethex.o)
                0x00005bb4                __hexdig
 *fill*         0x00005cb4        0x4 
 .rodata.__mprec_bigtens
                0x00005cb8       0x28 c:/ti/ccs1011/ccs/tools/compiler/gcc-arm-none-eabi-7-2017-q4-major-win32/bin/../lib/gcc/arm-none-eabi/7.2.1/../../../../arm-none-eabi/lib/thumb/v7e-m\libg.a(lib_a-mprec.o)
                0x00005cb8                __mprec_bigtens
 .rodata.__mprec_tens
                0x00005ce0       0xc8 c:/ti/ccs1011/ccs/tools/compiler/gcc-arm-none-eabi-7-2017-q4-major-win32/bin/../lib/gcc/arm-none-eabi/7.2.1/../../../../arm-none-eabi/lib/thumb/v7e-m\libg.a(lib_a-mprec.o)
                0x00005ce0                __mprec_tens
 .rodata.p05.6092
                0x00005da8        0xc c:/ti/ccs1011/ccs/tools/compiler/gcc-arm-none-eabi-7-2017-q4-major-win32/bin/../lib/gcc/arm-none-eabi/7.2.1/../../../../arm-none-eabi/lib/thumb/v7e-m\libg.a(lib_a-mprec.o)

.eh_frame       0x00005db4        0x0
 .eh_frame      0x00005db4        0x0 c:/ti/ccs1011/ccs/tools/compiler/gcc-arm-none-eabi-7-2017-q4-major-win32/bin/../lib/gcc/arm-none-eabi/7.2.1/thumb/v7e-m/crtbegin.o

.rel.dyn        0x00005db4        0x0
 .rel.iplt      0x00005db4        0x0 c:/ti/ccs1011/ccs/tools/compiler/gcc-arm-none-eabi-7-2017-q4-major-win32/bin/../lib/gcc/arm-none-eabi/7.2.1/thumb/v7e-m/crtbegin.o

.data           0x20000000      0x9b0 load address 0x00005db4
                0x00005db4                __data_load__ = LOADADDR (.data)
                0x20000000                __data_start__ = .
 *(.data)
 *(.data*)
 .data.__fdlib_version
                0x20000000        0x1 c:/ti/ccs1011/ccs/tools/compiler/gcc-arm-none-eabi-7-2017-q4-major-win32/bin/../lib/gcc/arm-none-eabi/7.2.1/../../../../arm-none-eabi/lib/thumb/v7e-m\libm.a(lib_a-s_lib_ver.o)
                0x20000000                __fdlib_version
 *fill*         0x20000001        0x3 
 .data._impure_ptr
                0x20000004        0x4 c:/ti/ccs1011/ccs/tools/compiler/gcc-arm-none-eabi-7-2017-q4-major-win32/bin/../lib/gcc/arm-none-eabi/7.2.1/../../../../arm-none-eabi/lib/thumb/v7e-m\libg.a(lib_a-impure.o)
                0x20000004                _impure_ptr
 .data.impure_data
                0x20000008      0x428 c:/ti/ccs1011/ccs/tools/compiler/gcc-arm-none-eabi-7-2017-q4-major-win32/bin/../lib/gcc/arm-none-eabi/7.2.1/../../../../arm-none-eabi/lib/thumb/v7e-m\libg.a(lib_a-impure.o)
 .data.__global_locale
                0x20000430      0x16c c:/ti/ccs1011/ccs/tools/compiler/gcc-arm-none-eabi-7-2017-q4-major-win32/bin/../lib/gcc/arm-none-eabi/7.2.1/../../../../arm-none-eabi/lib/thumb/v7e-m\libg.a(lib_a-locale.o)
                0x20000430                __global_locale
 .data.__atexit_recursive_mutex
                0x2000059c        0x4 c:/ti/ccs1011/ccs/tools/compiler/gcc-arm-none-eabi-7-2017-q4-major-win32/bin/../lib/gcc/arm-none-eabi/7.2.1/../../../../arm-none-eabi/lib/thumb/v7e-m\libg.a(lib_a-__call_atexit.o)
                0x2000059c                __atexit_recursive_mutex
 .data.__malloc_av_
                0x200005a0      0x408 c:/ti/ccs1011/ccs/tools/compiler/gcc-arm-none-eabi-7-2017-q4-major-win32/bin/../lib/gcc/arm-none-eabi/7.2.1/../../../../arm-none-eabi/lib/thumb/v7e-m\libg.a(lib_a-mallocr.o)
                0x200005a0                __malloc_av_
 .data.__malloc_sbrk_base
                0x200009a8        0x4 c:/ti/ccs1011/ccs/tools/compiler/gcc-arm-none-eabi-7-2017-q4-major-win32/bin/../lib/gcc/arm-none-eabi/7.2.1/../../../../arm-none-eabi/lib/thumb/v7e-m\libg.a(lib_a-mallocr.o)
                0x200009a8                __malloc_sbrk_base
 .data.__malloc_trim_threshold
                0x200009ac        0x4 c:/ti/ccs1011/ccs/tools/compiler/gcc-arm-none-eabi-7-2017-q4-major-win32/bin/../lib/gcc/arm-none-eabi/7.2.1/../../../../arm-none-eabi/lib/thumb/v7e-m\libg.a(lib_a-mallocr.o)
                0x200009ac                __malloc_trim_threshold
                0x200009b0                . = ALIGN (0x4)
                0x200009b0                __data_end__ = .

.igot.plt       0x200009b0        0x0 load address 0x00006764
 .igot.plt      0x200009b0        0x0 c:/ti/ccs1011/ccs/tools/compiler/gcc-arm-none-eabi-7-2017-q4-major-win32/bin/../lib/gcc/arm-none-eabi/7.2.1/thumb/v7e-m/crtbegin.o

.ARM.exidx      0x00006764        0x0
                0x00006764                __exidx_start = .
 *(.ARM.exidx* .gnu.linkonce.armexidx.*)
                0x00006764                __exidx_end = .

.ARM.extab
 *(.ARM.extab* .gnu.linkonce.armextab.*)

.bss            0x200009b0      0x2a4
                0x200009b0                __bss_start__ = .
 *(.shbss)
 *(.bss)
 .bss           0x200009b0       0x1c c:/ti/ccs1011/ccs/tools/compiler/gcc-arm-none-eabi-7-2017-q4-major-win32/bin/../lib/gcc/arm-none-eabi/7.2.1/thumb/v7e-m/crtbegin.o
 *(.bss.*)
 .bss.Index     0x200009cc        0x4 ./calculate.o
                0x200009cc                Index
 .bss.appendIndex
                0x200009d0        0x4 ./calculate.o
                0x200009d0                appendIndex
 .bss.displayAnswer
                0x200009d4        0x4 ./calculate.o
                0x200009d4                displayAnswer
 .bss.pui32Stack
                0x200009d8      0x200 ./tm4c123gh6pm_startup_ccs_gcc.o
 .bss.__malloc_current_mallinfo
                0x20000bd8       0x28 c:/ti/ccs1011/ccs/tools/compiler/gcc-arm-none-eabi-7-2017-q4-major-win32/bin/../lib/gcc/arm-none-eabi/7.2.1/../../../../arm-none-eabi/lib/thumb/v7e-m\libg.a(lib_a-mallocr.o)
                0x20000bd8                __malloc_current_mallinfo
 .bss.__malloc_max_sbrked_mem
                0x20000c00        0x4 c:/ti/ccs1011/ccs/tools/compiler/gcc-arm-none-eabi-7-2017-q4-major-win32/bin/../lib/gcc/arm-none-eabi/7.2.1/../../../../arm-none-eabi/lib/thumb/v7e-m\libg.a(lib_a-mallocr.o)
                0x20000c00                __malloc_max_sbrked_mem
 .bss.__malloc_max_total_mem
                0x20000c04        0x4 c:/ti/ccs1011/ccs/tools/compiler/gcc-arm-none-eabi-7-2017-q4-major-win32/bin/../lib/gcc/arm-none-eabi/7.2.1/../../../../arm-none-eabi/lib/thumb/v7e-m\libg.a(lib_a-mallocr.o)
                0x20000c04                __malloc_max_total_mem
 .bss.__malloc_top_pad
                0x20000c08        0x4 c:/ti/ccs1011/ccs/tools/compiler/gcc-arm-none-eabi-7-2017-q4-major-win32/bin/../lib/gcc/arm-none-eabi/7.2.1/../../../../arm-none-eabi/lib/thumb/v7e-m\libg.a(lib_a-mallocr.o)
                0x20000c08                __malloc_top_pad
 .bss.heap_end.4102
                0x20000c0c        0x4 c:/ti/ccs1011/ccs/tools/compiler/gcc-arm-none-eabi-7-2017-q4-major-win32/bin/../lib/gcc/arm-none-eabi/7.2.1/../../../../arm-none-eabi/lib/thumb/v7e-m\libnosys.a(sbrk.o)
 *(COMMON)
 COMMON         0x20000c10       0x1c ./calculate.o
                0x20000c10                expression
                0x20000c20                hasE
                0x20000c24                divideByZero
                0x20000c28                isShifted
 COMMON         0x20000c2c       0x21 c:/ti/ccs1011/ccs/tools/compiler/gcc-arm-none-eabi-7-2017-q4-major-win32/bin/../lib/gcc/arm-none-eabi/7.2.1/../../../../arm-none-eabi/lib/thumb/v7e-m\libg.a(lib_a-lock.o)
                0x20000c2c                __lock___atexit_recursive_mutex
                0x20000c30                __lock___arc4random_mutex
                0x20000c34                __lock___env_recursive_mutex
                0x20000c38                __lock___sinit_recursive_mutex
                0x20000c3c                __lock___malloc_recursive_mutex
                0x20000c40                __lock___at_quick_exit_mutex
                0x20000c44                __lock___dd_hash_mutex
                0x20000c48                __lock___tz_mutex
                0x20000c4c                __lock___sfp_recursive_mutex
 *fill*         0x20000c4d        0x3 
 COMMON         0x20000c50        0x4 c:/ti/ccs1011/ccs/tools/compiler/gcc-arm-none-eabi-7-2017-q4-major-win32/bin/../lib/gcc/arm-none-eabi/7.2.1/../../../../arm-none-eabi/lib/thumb/v7e-m\libg.a(lib_a-reent.o)
                0x20000c50                errno
                0x20000c54                . = ALIGN (0x4)
                0x20000c54                __bss_end__ = .

.heap           0x20000c54        0x0
                0x20000c54                __heap_start__ = .
                0x20000c54                end = __heap_start__
                0x20000c54                _end = end
                0x20000c54                __end = end
 *(.heap)
                0x20000c54                __heap_end__ = .
                0x20000c54                __HeapLimit = __heap_end__

.stack          0x20000c58        0x0
                0x20000c58                _stack = .
                0x20000c58                __stack = .
 *(.stack)
START GROUP
LOAD c:/ti/ccs1011/ccs/tools/compiler/gcc-arm-none-eabi-7-2017-q4-major-win32/bin/../lib/gcc/arm-none-eabi/7.2.1/../../../../arm-none-eabi/lib/thumb/v7e-m\libm.a
END GROUP
START GROUP
LOAD c:/ti/ccs1011/ccs/tools/compiler/gcc-arm-none-eabi-7-2017-q4-major-win32/bin/../lib/gcc/arm-none-eabi/7.2.1/thumb/v7e-m\libgcc.a
LOAD c:/ti/ccs1011/ccs/tools/compiler/gcc-arm-none-eabi-7-2017-q4-major-win32/bin/../lib/gcc/arm-none-eabi/7.2.1/../../../../arm-none-eabi/lib/thumb/v7e-m\libg.a
LOAD c:/ti/ccs1011/ccs/tools/compiler/gcc-arm-none-eabi-7-2017-q4-major-win32/bin/../lib/gcc/arm-none-eabi/7.2.1/../../../../arm-none-eabi/lib/thumb/v7e-m\libc.a
END GROUP
START GROUP
LOAD c:/ti/ccs1011/ccs/tools/compiler/gcc-arm-none-eabi-7-2017-q4-major-win32/bin/../lib/gcc/arm-none-eabi/7.2.1/thumb/v7e-m\libgcc.a
LOAD c:/ti/ccs1011/ccs/tools/compiler/gcc-arm-none-eabi-7-2017-q4-major-win32/bin/../lib/gcc/arm-none-eabi/7.2.1/../../../../arm-none-eabi/lib/thumb/v7e-m\libc.a
LOAD c:/ti/ccs1011/ccs/tools/compiler/gcc-arm-none-eabi-7-2017-q4-major-win32/bin/../lib/gcc/arm-none-eabi/7.2.1/../../../../arm-none-eabi/lib/thumb/v7e-m\libnosys.a
END GROUP
LOAD c:/ti/ccs1011/ccs/tools/compiler/gcc-arm-none-eabi-7-2017-q4-major-win32/bin/../lib/gcc/arm-none-eabi/7.2.1/thumb/v7e-m/crtend.o
LOAD c:/ti/ccs1011/ccs/tools/compiler/gcc-arm-none-eabi-7-2017-q4-major-win32/bin/../lib/gcc/arm-none-eabi/7.2.1/thumb/v7e-m/crtn.o
OUTPUT(MiniProject.elf elf32-littlearm)

.ARM.attributes
                0x00000000       0x2a
 .ARM.attributes
                0x00000000       0x1e c:/ti/ccs1011/ccs/tools/compiler/gcc-arm-none-eabi-7-2017-q4-major-win32/bin/../lib/gcc/arm-none-eabi/7.2.1/thumb/v7e-m/crti.o
 .ARM.attributes
                0x0000001e       0x2e c:/ti/ccs1011/ccs/tools/compiler/gcc-arm-none-eabi-7-2017-q4-major-win32/bin/../lib/gcc/arm-none-eabi/7.2.1/thumb/v7e-m/crtbegin.o
 .ARM.attributes
                0x0000004c       0x33 ./PLL.o
 .ARM.attributes
                0x0000007f       0x33 ./Port.o
 .ARM.attributes
                0x000000b2       0x33 ./calculate.o
 .ARM.attributes
                0x000000e5       0x33 ./keypad.o
 .ARM.attributes
                0x00000118       0x33 ./lcd.o
 .ARM.attributes
                0x0000014b       0x33 ./tm4c123gh6pm_startup_ccs_gcc.o
 .ARM.attributes
                0x0000017e       0x2e c:/ti/ccs1011/ccs/tools/compiler/gcc-arm-none-eabi-7-2017-q4-major-win32/bin/../lib/gcc/arm-none-eabi/7.2.1/../../../../arm-none-eabi/lib/thumb/v7e-m\libm.a(lib_a-w_pow.o)
 .ARM.attributes
                0x000001ac       0x2e c:/ti/ccs1011/ccs/tools/compiler/gcc-arm-none-eabi-7-2017-q4-major-win32/bin/../lib/gcc/arm-none-eabi/7.2.1/../../../../arm-none-eabi/lib/thumb/v7e-m\libm.a(lib_a-e_pow.o)
 .ARM.attributes
                0x000001da       0x2e c:/ti/ccs1011/ccs/tools/compiler/gcc-arm-none-eabi-7-2017-q4-major-win32/bin/../lib/gcc/arm-none-eabi/7.2.1/../../../../arm-none-eabi/lib/thumb/v7e-m\libm.a(lib_a-e_sqrt.o)
 .ARM.attributes
                0x00000208       0x2e c:/ti/ccs1011/ccs/tools/compiler/gcc-arm-none-eabi-7-2017-q4-major-win32/bin/../lib/gcc/arm-none-eabi/7.2.1/../../../../arm-none-eabi/lib/thumb/v7e-m\libm.a(lib_a-s_fabs.o)
 .ARM.attributes
                0x00000236       0x2e c:/ti/ccs1011/ccs/tools/compiler/gcc-arm-none-eabi-7-2017-q4-major-win32/bin/../lib/gcc/arm-none-eabi/7.2.1/../../../../arm-none-eabi/lib/thumb/v7e-m\libm.a(lib_a-s_finite.o)
 .ARM.attributes
                0x00000264       0x2e c:/ti/ccs1011/ccs/tools/compiler/gcc-arm-none-eabi-7-2017-q4-major-win32/bin/../lib/gcc/arm-none-eabi/7.2.1/../../../../arm-none-eabi/lib/thumb/v7e-m\libm.a(lib_a-s_lib_ver.o)
 .ARM.attributes
                0x00000292       0x2e c:/ti/ccs1011/ccs/tools/compiler/gcc-arm-none-eabi-7-2017-q4-major-win32/bin/../lib/gcc/arm-none-eabi/7.2.1/../../../../arm-none-eabi/lib/thumb/v7e-m\libm.a(lib_a-s_matherr.o)
 .ARM.attributes
                0x000002c0       0x2e c:/ti/ccs1011/ccs/tools/compiler/gcc-arm-none-eabi-7-2017-q4-major-win32/bin/../lib/gcc/arm-none-eabi/7.2.1/../../../../arm-none-eabi/lib/thumb/v7e-m\libm.a(lib_a-s_nan.o)
 .ARM.attributes
                0x000002ee       0x2e c:/ti/ccs1011/ccs/tools/compiler/gcc-arm-none-eabi-7-2017-q4-major-win32/bin/../lib/gcc/arm-none-eabi/7.2.1/../../../../arm-none-eabi/lib/thumb/v7e-m\libm.a(lib_a-s_rint.o)
 .ARM.attributes
                0x0000031c       0x2e c:/ti/ccs1011/ccs/tools/compiler/gcc-arm-none-eabi-7-2017-q4-major-win32/bin/../lib/gcc/arm-none-eabi/7.2.1/../../../../arm-none-eabi/lib/thumb/v7e-m\libm.a(lib_a-s_scalbn.o)
 .ARM.attributes
                0x0000034a       0x2e c:/ti/ccs1011/ccs/tools/compiler/gcc-arm-none-eabi-7-2017-q4-major-win32/bin/../lib/gcc/arm-none-eabi/7.2.1/../../../../arm-none-eabi/lib/thumb/v7e-m\libm.a(lib_a-s_copysign.o)
 .ARM.attributes
                0x00000378       0x1e c:/ti/ccs1011/ccs/tools/compiler/gcc-arm-none-eabi-7-2017-q4-major-win32/bin/../lib/gcc/arm-none-eabi/7.2.1/thumb/v7e-m\libgcc.a(_arm_addsubdf3.o)
 .ARM.attributes
                0x00000396       0x1e c:/ti/ccs1011/ccs/tools/compiler/gcc-arm-none-eabi-7-2017-q4-major-win32/bin/../lib/gcc/arm-none-eabi/7.2.1/thumb/v7e-m\libgcc.a(_arm_muldivdf3.o)
 .ARM.attributes
                0x000003b4       0x1e c:/ti/ccs1011/ccs/tools/compiler/gcc-arm-none-eabi-7-2017-q4-major-win32/bin/../lib/gcc/arm-none-eabi/7.2.1/thumb/v7e-m\libgcc.a(_arm_cmpdf2.o)
 .ARM.attributes
                0x000003d2       0x1e c:/ti/ccs1011/ccs/tools/compiler/gcc-arm-none-eabi-7-2017-q4-major-win32/bin/../lib/gcc/arm-none-eabi/7.2.1/thumb/v7e-m\libgcc.a(_arm_unorddf2.o)
 .ARM.attributes
                0x000003f0       0x1e c:/ti/ccs1011/ccs/tools/compiler/gcc-arm-none-eabi-7-2017-q4-major-win32/bin/../lib/gcc/arm-none-eabi/7.2.1/thumb/v7e-m\libgcc.a(_arm_fixdfsi.o)
 .ARM.attributes
                0x0000040e       0x2e c:/ti/ccs1011/ccs/tools/compiler/gcc-arm-none-eabi-7-2017-q4-major-win32/bin/../lib/gcc/arm-none-eabi/7.2.1/../../../../arm-none-eabi/lib/thumb/v7e-m\libg.a(lib_a-atof.o)
 .ARM.attributes
                0x0000043c       0x2e c:/ti/ccs1011/ccs/tools/compiler/gcc-arm-none-eabi-7-2017-q4-major-win32/bin/../lib/gcc/arm-none-eabi/7.2.1/../../../../arm-none-eabi/lib/thumb/v7e-m\libg.a(lib_a-atoi.o)
 .ARM.attributes
                0x0000046a       0x2e c:/ti/ccs1011/ccs/tools/compiler/gcc-arm-none-eabi-7-2017-q4-major-win32/bin/../lib/gcc/arm-none-eabi/7.2.1/../../../../arm-none-eabi/lib/thumb/v7e-m\libg.a(lib_a-errno.o)
 .ARM.attributes
                0x00000498       0x2e c:/ti/ccs1011/ccs/tools/compiler/gcc-arm-none-eabi-7-2017-q4-major-win32/bin/../lib/gcc/arm-none-eabi/7.2.1/../../../../arm-none-eabi/lib/thumb/v7e-m\libg.a(lib_a-impure.o)
 .ARM.attributes
                0x000004c6       0x2e c:/ti/ccs1011/ccs/tools/compiler/gcc-arm-none-eabi-7-2017-q4-major-win32/bin/../lib/gcc/arm-none-eabi/7.2.1/../../../../arm-none-eabi/lib/thumb/v7e-m\libg.a(lib_a-itoa.o)
 .ARM.attributes
                0x000004f4       0x2e c:/ti/ccs1011/ccs/tools/compiler/gcc-arm-none-eabi-7-2017-q4-major-win32/bin/../lib/gcc/arm-none-eabi/7.2.1/../../../../arm-none-eabi/lib/thumb/v7e-m\libg.a(lib_a-locale.o)
 .ARM.attributes
                0x00000522       0x2e c:/ti/ccs1011/ccs/tools/compiler/gcc-arm-none-eabi-7-2017-q4-major-win32/bin/../lib/gcc/arm-none-eabi/7.2.1/../../../../arm-none-eabi/lib/thumb/v7e-m\libg.a(lib_a-mbtowc_r.o)
 .ARM.attributes
                0x00000550       0x2e c:/ti/ccs1011/ccs/tools/compiler/gcc-arm-none-eabi-7-2017-q4-major-win32/bin/../lib/gcc/arm-none-eabi/7.2.1/../../../../arm-none-eabi/lib/thumb/v7e-m\libg.a(lib_a-memset.o)
 .ARM.attributes
                0x0000057e       0x2e c:/ti/ccs1011/ccs/tools/compiler/gcc-arm-none-eabi-7-2017-q4-major-win32/bin/../lib/gcc/arm-none-eabi/7.2.1/../../../../arm-none-eabi/lib/thumb/v7e-m\libg.a(lib_a-strtod.o)
 .ARM.attributes
                0x000005ac       0x2e c:/ti/ccs1011/ccs/tools/compiler/gcc-arm-none-eabi-7-2017-q4-major-win32/bin/../lib/gcc/arm-none-eabi/7.2.1/../../../../arm-none-eabi/lib/thumb/v7e-m\libg.a(lib_a-strtol.o)
 .ARM.attributes
                0x000005da       0x2e c:/ti/ccs1011/ccs/tools/compiler/gcc-arm-none-eabi-7-2017-q4-major-win32/bin/../lib/gcc/arm-none-eabi/7.2.1/../../../../arm-none-eabi/lib/thumb/v7e-m\libg.a(lib_a-utoa.o)
 .ARM.attributes
                0x00000608       0x2e c:/ti/ccs1011/ccs/tools/compiler/gcc-arm-none-eabi-7-2017-q4-major-win32/bin/../lib/gcc/arm-none-eabi/7.2.1/../../../../arm-none-eabi/lib/thumb/v7e-m\libg.a(lib_a-wctomb_r.o)
 .ARM.attributes
                0x00000636       0x2e c:/ti/ccs1011/ccs/tools/compiler/gcc-arm-none-eabi-7-2017-q4-major-win32/bin/../lib/gcc/arm-none-eabi/7.2.1/../../../../arm-none-eabi/lib/thumb/v7e-m\libg.a(lib_a-__call_atexit.o)
 .ARM.attributes
                0x00000664       0x2e c:/ti/ccs1011/ccs/tools/compiler/gcc-arm-none-eabi-7-2017-q4-major-win32/bin/../lib/gcc/arm-none-eabi/7.2.1/../../../../arm-none-eabi/lib/thumb/v7e-m\libg.a(lib_a-atexit.o)
 .ARM.attributes
                0x00000692       0x2e c:/ti/ccs1011/ccs/tools/compiler/gcc-arm-none-eabi-7-2017-q4-major-win32/bin/../lib/gcc/arm-none-eabi/7.2.1/../../../../arm-none-eabi/lib/thumb/v7e-m\libg.a(lib_a-ctype_.o)
 .ARM.attributes
                0x000006c0       0x2e c:/ti/ccs1011/ccs/tools/compiler/gcc-arm-none-eabi-7-2017-q4-major-win32/bin/../lib/gcc/arm-none-eabi/7.2.1/../../../../arm-none-eabi/lib/thumb/v7e-m\libg.a(lib_a-fini.o)
 .ARM.attributes
                0x000006ee       0x2e c:/ti/ccs1011/ccs/tools/compiler/gcc-arm-none-eabi-7-2017-q4-major-win32/bin/../lib/gcc/arm-none-eabi/7.2.1/../../../../arm-none-eabi/lib/thumb/v7e-m\libg.a(lib_a-gdtoa-gethex.o)
 .ARM.attributes
                0x0000071c       0x2e c:/ti/ccs1011/ccs/tools/compiler/gcc-arm-none-eabi-7-2017-q4-major-win32/bin/../lib/gcc/arm-none-eabi/7.2.1/../../../../arm-none-eabi/lib/thumb/v7e-m\libg.a(lib_a-gdtoa-hexnan.o)
 .ARM.attributes
                0x0000074a       0x2e c:/ti/ccs1011/ccs/tools/compiler/gcc-arm-none-eabi-7-2017-q4-major-win32/bin/../lib/gcc/arm-none-eabi/7.2.1/../../../../arm-none-eabi/lib/thumb/v7e-m\libg.a(lib_a-localeconv.o)
 .ARM.attributes
                0x00000778       0x2e c:/ti/ccs1011/ccs/tools/compiler/gcc-arm-none-eabi-7-2017-q4-major-win32/bin/../lib/gcc/arm-none-eabi/7.2.1/../../../../arm-none-eabi/lib/thumb/v7e-m\libg.a(lib_a-lock.o)
 .ARM.attributes
                0x000007a6       0x1c c:/ti/ccs1011/ccs/tools/compiler/gcc-arm-none-eabi-7-2017-q4-major-win32/bin/../lib/gcc/arm-none-eabi/7.2.1/../../../../arm-none-eabi/lib/thumb/v7e-m\libg.a(lib_a-memcpy.o)
 .ARM.attributes
                0x000007c2       0x2e c:/ti/ccs1011/ccs/tools/compiler/gcc-arm-none-eabi-7-2017-q4-major-win32/bin/../lib/gcc/arm-none-eabi/7.2.1/../../../../arm-none-eabi/lib/thumb/v7e-m\libg.a(lib_a-mprec.o)
 .ARM.attributes
                0x000007f0       0x1c c:/ti/ccs1011/ccs/tools/compiler/gcc-arm-none-eabi-7-2017-q4-major-win32/bin/../lib/gcc/arm-none-eabi/7.2.1/../../../../arm-none-eabi/lib/thumb/v7e-m\libg.a(lib_a-strlen.o)
 .ARM.attributes
                0x0000080c       0x2e c:/ti/ccs1011/ccs/tools/compiler/gcc-arm-none-eabi-7-2017-q4-major-win32/bin/../lib/gcc/arm-none-eabi/7.2.1/../../../../arm-none-eabi/lib/thumb/v7e-m\libg.a(lib_a-strncmp.o)
 .ARM.attributes
                0x0000083a       0x2e c:/ti/ccs1011/ccs/tools/compiler/gcc-arm-none-eabi-7-2017-q4-major-win32/bin/../lib/gcc/arm-none-eabi/7.2.1/../../../../arm-none-eabi/lib/thumb/v7e-m\libg.a(lib_a-__atexit.o)
 .ARM.attributes
                0x00000868       0x2e c:/ti/ccs1011/ccs/tools/compiler/gcc-arm-none-eabi-7-2017-q4-major-win32/bin/../lib/gcc/arm-none-eabi/7.2.1/../../../../arm-none-eabi/lib/thumb/v7e-m\libg.a(lib_a-callocr.o)
 .ARM.attributes
                0x00000896       0x2e c:/ti/ccs1011/ccs/tools/compiler/gcc-arm-none-eabi-7-2017-q4-major-win32/bin/../lib/gcc/arm-none-eabi/7.2.1/../../../../arm-none-eabi/lib/thumb/v7e-m\libg.a(lib_a-mallocr.o)
 .ARM.attributes
                0x000008c4       0x2e c:/ti/ccs1011/ccs/tools/compiler/gcc-arm-none-eabi-7-2017-q4-major-win32/bin/../lib/gcc/arm-none-eabi/7.2.1/../../../../arm-none-eabi/lib/thumb/v7e-m\libg.a(lib_a-mlock.o)
 .ARM.attributes
                0x000008f2       0x2e c:/ti/ccs1011/ccs/tools/compiler/gcc-arm-none-eabi-7-2017-q4-major-win32/bin/../lib/gcc/arm-none-eabi/7.2.1/../../../../arm-none-eabi/lib/thumb/v7e-m\libg.a(lib_a-sbrkr.o)
 .ARM.attributes
                0x00000920       0x2e c:/ti/ccs1011/ccs/tools/compiler/gcc-arm-none-eabi-7-2017-q4-major-win32/bin/../lib/gcc/arm-none-eabi/7.2.1/../../../../arm-none-eabi/lib/thumb/v7e-m\libg.a(lib_a-freer.o)
 .ARM.attributes
                0x0000094e       0x2e c:/ti/ccs1011/ccs/tools/compiler/gcc-arm-none-eabi-7-2017-q4-major-win32/bin/../lib/gcc/arm-none-eabi/7.2.1/../../../../arm-none-eabi/lib/thumb/v7e-m\libg.a(lib_a-reent.o)
 .ARM.attributes
                0x0000097c       0x1e c:/ti/ccs1011/ccs/tools/compiler/gcc-arm-none-eabi-7-2017-q4-major-win32/bin/../lib/gcc/arm-none-eabi/7.2.1/thumb/v7e-m\libgcc.a(_arm_fixunsdfsi.o)
 .ARM.attributes
                0x0000099a       0x2e c:/ti/ccs1011/ccs/tools/compiler/gcc-arm-none-eabi-7-2017-q4-major-win32/bin/../lib/gcc/arm-none-eabi/7.2.1/../../../../arm-none-eabi/lib/thumb/v7e-m\libnosys.a(sbrk.o)

.comment        0x00000000       0x7e
 .comment       0x00000000       0x7e ./PLL.o
                                 0x7f (size before relaxing)
 .comment       0x0000007e       0x7f ./Port.o
 .comment       0x0000007e       0x7f ./calculate.o
 .comment       0x0000007e       0x7f ./keypad.o
 .comment       0x0000007e       0x7f ./lcd.o
 .comment       0x0000007e       0x7f ./tm4c123gh6pm_startup_ccs_gcc.o

.debug_info     0x00000000     0x22ea
 .debug_info    0x00000000       0x7a ./PLL.o
 .debug_info    0x0000007a       0x72 ./Port.o
 .debug_info    0x000000ec      0xce9 ./calculate.o
 .debug_info    0x00000dd5      0x915 ./keypad.o
 .debug_info    0x000016ea      0xa71 ./lcd.o
 .debug_info    0x0000215b      0x18f ./tm4c123gh6pm_startup_ccs_gcc.o

.debug_abbrev   0x00000000      0x74e
 .debug_abbrev  0x00000000       0x5a ./PLL.o
 .debug_abbrev  0x0000005a       0x29 ./Port.o
 .debug_abbrev  0x00000083      0x276 ./calculate.o
 .debug_abbrev  0x000002f9      0x1bc ./keypad.o
 .debug_abbrev  0x000004b5      0x1cf ./lcd.o
 .debug_abbrev  0x00000684       0xca ./tm4c123gh6pm_startup_ccs_gcc.o

.debug_loc      0x00000000      0xa34
 .debug_loc     0x00000000       0x13 ./PLL.o
 .debug_loc     0x00000013      0x460 ./calculate.o
 .debug_loc     0x00000473      0x183 ./keypad.o
 .debug_loc     0x000005f6      0x418 ./lcd.o
 .debug_loc     0x00000a0e       0x26 ./tm4c123gh6pm_startup_ccs_gcc.o

.debug_aranges  0x00000000      0x168
 .debug_aranges
                0x00000000       0x30 ./PLL.o
 .debug_aranges
                0x00000030       0x38 ./Port.o
 .debug_aranges
                0x00000068       0x48 ./calculate.o
 .debug_aranges
                0x000000b0       0x20 ./keypad.o
 .debug_aranges
                0x000000d0       0x60 ./lcd.o
 .debug_aranges
                0x00000130       0x38 ./tm4c123gh6pm_startup_ccs_gcc.o

.debug_ranges   0x00000000      0x168
 .debug_ranges  0x00000000       0x20 ./PLL.o
 .debug_ranges  0x00000020       0x28 ./Port.o
 .debug_ranges  0x00000048       0x98 ./calculate.o
 .debug_ranges  0x000000e0       0x10 ./keypad.o
 .debug_ranges  0x000000f0       0x50 ./lcd.o
 .debug_ranges  0x00000140       0x28 ./tm4c123gh6pm_startup_ccs_gcc.o

.debug_line     0x00000000      0x9f5
 .debug_line    0x00000000       0x6d ./PLL.o
 .debug_line    0x0000006d       0x8e ./Port.o
 .debug_line    0x000000fb      0x2d2 ./calculate.o
 .debug_line    0x000003cd      0x1fe ./keypad.o
 .debug_line    0x000005cb      0x2b1 ./lcd.o
 .debug_line    0x0000087c      0x179 ./tm4c123gh6pm_startup_ccs_gcc.o

.debug_str      0x00000000      0x8f8
 .debug_str     0x00000000      0x161 ./PLL.o
                                0x173 (size before relaxing)
 .debug_str     0x00000161       0x36 ./Port.o
                                0x165 (size before relaxing)
 .debug_str     0x00000197      0x5fa ./calculate.o
                                0x78e (size before relaxing)
 .debug_str     0x00000791       0x14 ./keypad.o
                                0x5de (size before relaxing)
 .debug_str     0x000007a5       0x8d ./lcd.o
                                0x672 (size before relaxing)
 .debug_str     0x00000832       0xc6 ./tm4c123gh6pm_startup_ccs_gcc.o
                                0x282 (size before relaxing)

.debug_frame    0x00000000     0x11f4
 .debug_frame   0x00000000       0x40 ./PLL.o
 .debug_frame   0x00000040       0x50 ./Port.o
 .debug_frame   0x00000090       0xe4 ./calculate.o
 .debug_frame   0x00000174       0x30 ./keypad.o
 .debug_frame   0x000001a4       0xec ./lcd.o
 .debug_frame   0x00000290       0x58 ./tm4c123gh6pm_startup_ccs_gcc.o
 .debug_frame   0x000002e8       0x48 c:/ti/ccs1011/ccs/tools/compiler/gcc-arm-none-eabi-7-2017-q4-major-win32/bin/../lib/gcc/arm-none-eabi/7.2.1/../../../../arm-none-eabi/lib/thumb/v7e-m\libm.a(lib_a-w_pow.o)
 .debug_frame   0x00000330       0x68 c:/ti/ccs1011/ccs/tools/compiler/gcc-arm-none-eabi-7-2017-q4-major-win32/bin/../lib/gcc/arm-none-eabi/7.2.1/../../../../arm-none-eabi/lib/thumb/v7e-m\libm.a(lib_a-e_pow.o)
 .debug_frame   0x00000398       0x30 c:/ti/ccs1011/ccs/tools/compiler/gcc-arm-none-eabi-7-2017-q4-major-win32/bin/../lib/gcc/arm-none-eabi/7.2.1/../../../../arm-none-eabi/lib/thumb/v7e-m\libm.a(lib_a-e_sqrt.o)
 .debug_frame   0x000003c8       0x20 c:/ti/ccs1011/ccs/tools/compiler/gcc-arm-none-eabi-7-2017-q4-major-win32/bin/../lib/gcc/arm-none-eabi/7.2.1/../../../../arm-none-eabi/lib/thumb/v7e-m\libm.a(lib_a-s_fabs.o)
 .debug_frame   0x000003e8       0x20 c:/ti/ccs1011/ccs/tools/compiler/gcc-arm-none-eabi-7-2017-q4-major-win32/bin/../lib/gcc/arm-none-eabi/7.2.1/../../../../arm-none-eabi/lib/thumb/v7e-m\libm.a(lib_a-s_finite.o)
 .debug_frame   0x00000408       0x20 c:/ti/ccs1011/ccs/tools/compiler/gcc-arm-none-eabi-7-2017-q4-major-win32/bin/../lib/gcc/arm-none-eabi/7.2.1/../../../../arm-none-eabi/lib/thumb/v7e-m\libm.a(lib_a-s_matherr.o)
 .debug_frame   0x00000428       0x20 c:/ti/ccs1011/ccs/tools/compiler/gcc-arm-none-eabi-7-2017-q4-major-win32/bin/../lib/gcc/arm-none-eabi/7.2.1/../../../../arm-none-eabi/lib/thumb/v7e-m\libm.a(lib_a-s_nan.o)
 .debug_frame   0x00000448       0x38 c:/ti/ccs1011/ccs/tools/compiler/gcc-arm-none-eabi-7-2017-q4-major-win32/bin/../lib/gcc/arm-none-eabi/7.2.1/../../../../arm-none-eabi/lib/thumb/v7e-m\libm.a(lib_a-s_rint.o)
 .debug_frame   0x00000480       0x30 c:/ti/ccs1011/ccs/tools/compiler/gcc-arm-none-eabi-7-2017-q4-major-win32/bin/../lib/gcc/arm-none-eabi/7.2.1/../../../../arm-none-eabi/lib/thumb/v7e-m\libm.a(lib_a-s_scalbn.o)
 .debug_frame   0x000004b0       0x20 c:/ti/ccs1011/ccs/tools/compiler/gcc-arm-none-eabi-7-2017-q4-major-win32/bin/../lib/gcc/arm-none-eabi/7.2.1/../../../../arm-none-eabi/lib/thumb/v7e-m\libm.a(lib_a-s_copysign.o)
 .debug_frame   0x000004d0       0xac c:/ti/ccs1011/ccs/tools/compiler/gcc-arm-none-eabi-7-2017-q4-major-win32/bin/../lib/gcc/arm-none-eabi/7.2.1/thumb/v7e-m\libgcc.a(_arm_addsubdf3.o)
 .debug_frame   0x0000057c       0x50 c:/ti/ccs1011/ccs/tools/compiler/gcc-arm-none-eabi-7-2017-q4-major-win32/bin/../lib/gcc/arm-none-eabi/7.2.1/thumb/v7e-m\libgcc.a(_arm_muldivdf3.o)
 .debug_frame   0x000005cc       0xc4 c:/ti/ccs1011/ccs/tools/compiler/gcc-arm-none-eabi-7-2017-q4-major-win32/bin/../lib/gcc/arm-none-eabi/7.2.1/thumb/v7e-m\libgcc.a(_arm_cmpdf2.o)
 .debug_frame   0x00000690       0x20 c:/ti/ccs1011/ccs/tools/compiler/gcc-arm-none-eabi-7-2017-q4-major-win32/bin/../lib/gcc/arm-none-eabi/7.2.1/thumb/v7e-m\libgcc.a(_arm_unorddf2.o)
 .debug_frame   0x000006b0       0x24 c:/ti/ccs1011/ccs/tools/compiler/gcc-arm-none-eabi-7-2017-q4-major-win32/bin/../lib/gcc/arm-none-eabi/7.2.1/thumb/v7e-m\libgcc.a(_arm_fixdfsi.o)
 .debug_frame   0x000006d4       0x20 c:/ti/ccs1011/ccs/tools/compiler/gcc-arm-none-eabi-7-2017-q4-major-win32/bin/../lib/gcc/arm-none-eabi/7.2.1/../../../../arm-none-eabi/lib/thumb/v7e-m\libg.a(lib_a-atof.o)
 .debug_frame   0x000006f4       0x30 c:/ti/ccs1011/ccs/tools/compiler/gcc-arm-none-eabi-7-2017-q4-major-win32/bin/../lib/gcc/arm-none-eabi/7.2.1/../../../../arm-none-eabi/lib/thumb/v7e-m\libg.a(lib_a-atoi.o)
 .debug_frame   0x00000724       0x20 c:/ti/ccs1011/ccs/tools/compiler/gcc-arm-none-eabi-7-2017-q4-major-win32/bin/../lib/gcc/arm-none-eabi/7.2.1/../../../../arm-none-eabi/lib/thumb/v7e-m\libg.a(lib_a-errno.o)
 .debug_frame   0x00000744       0x3c c:/ti/ccs1011/ccs/tools/compiler/gcc-arm-none-eabi-7-2017-q4-major-win32/bin/../lib/gcc/arm-none-eabi/7.2.1/../../../../arm-none-eabi/lib/thumb/v7e-m\libg.a(lib_a-itoa.o)
 .debug_frame   0x00000780       0x6c c:/ti/ccs1011/ccs/tools/compiler/gcc-arm-none-eabi-7-2017-q4-major-win32/bin/../lib/gcc/arm-none-eabi/7.2.1/../../../../arm-none-eabi/lib/thumb/v7e-m\libg.a(lib_a-locale.o)
 .debug_frame   0x000007ec       0x4c c:/ti/ccs1011/ccs/tools/compiler/gcc-arm-none-eabi-7-2017-q4-major-win32/bin/../lib/gcc/arm-none-eabi/7.2.1/../../../../arm-none-eabi/lib/thumb/v7e-m\libg.a(lib_a-mbtowc_r.o)
 .debug_frame   0x00000838       0x38 c:/ti/ccs1011/ccs/tools/compiler/gcc-arm-none-eabi-7-2017-q4-major-win32/bin/../lib/gcc/arm-none-eabi/7.2.1/../../../../arm-none-eabi/lib/thumb/v7e-m\libg.a(lib_a-memset.o)
 .debug_frame   0x00000870      0x110 c:/ti/ccs1011/ccs/tools/compiler/gcc-arm-none-eabi-7-2017-q4-major-win32/bin/../lib/gcc/arm-none-eabi/7.2.1/../../../../arm-none-eabi/lib/thumb/v7e-m\libg.a(lib_a-strtod.o)
 .debug_frame   0x00000980       0x98 c:/ti/ccs1011/ccs/tools/compiler/gcc-arm-none-eabi-7-2017-q4-major-win32/bin/../lib/gcc/arm-none-eabi/7.2.1/../../../../arm-none-eabi/lib/thumb/v7e-m\libg.a(lib_a-strtol.o)
 .debug_frame   0x00000a18       0x4c c:/ti/ccs1011/ccs/tools/compiler/gcc-arm-none-eabi-7-2017-q4-major-win32/bin/../lib/gcc/arm-none-eabi/7.2.1/../../../../arm-none-eabi/lib/thumb/v7e-m\libg.a(lib_a-utoa.o)
 .debug_frame   0x00000a64       0x3c c:/ti/ccs1011/ccs/tools/compiler/gcc-arm-none-eabi-7-2017-q4-major-win32/bin/../lib/gcc/arm-none-eabi/7.2.1/../../../../arm-none-eabi/lib/thumb/v7e-m\libg.a(lib_a-wctomb_r.o)
 .debug_frame   0x00000aa0       0x5c c:/ti/ccs1011/ccs/tools/compiler/gcc-arm-none-eabi-7-2017-q4-major-win32/bin/../lib/gcc/arm-none-eabi/7.2.1/../../../../arm-none-eabi/lib/thumb/v7e-m\libg.a(lib_a-__call_atexit.o)
 .debug_frame   0x00000afc       0x20 c:/ti/ccs1011/ccs/tools/compiler/gcc-arm-none-eabi-7-2017-q4-major-win32/bin/../lib/gcc/arm-none-eabi/7.2.1/../../../../arm-none-eabi/lib/thumb/v7e-m\libg.a(lib_a-atexit.o)
 .debug_frame   0x00000b1c       0x34 c:/ti/ccs1011/ccs/tools/compiler/gcc-arm-none-eabi-7-2017-q4-major-win32/bin/../lib/gcc/arm-none-eabi/7.2.1/../../../../arm-none-eabi/lib/thumb/v7e-m\libg.a(lib_a-fini.o)
 .debug_frame   0x00000b50       0x68 c:/ti/ccs1011/ccs/tools/compiler/gcc-arm-none-eabi-7-2017-q4-major-win32/bin/../lib/gcc/arm-none-eabi/7.2.1/../../../../arm-none-eabi/lib/thumb/v7e-m\libg.a(lib_a-gdtoa-gethex.o)
 .debug_frame   0x00000bb8       0x70 c:/ti/ccs1011/ccs/tools/compiler/gcc-arm-none-eabi-7-2017-q4-major-win32/bin/../lib/gcc/arm-none-eabi/7.2.1/../../../../arm-none-eabi/lib/thumb/v7e-m\libg.a(lib_a-gdtoa-hexnan.o)
 .debug_frame   0x00000c28       0x40 c:/ti/ccs1011/ccs/tools/compiler/gcc-arm-none-eabi-7-2017-q4-major-win32/bin/../lib/gcc/arm-none-eabi/7.2.1/../../../../arm-none-eabi/lib/thumb/v7e-m\libg.a(lib_a-localeconv.o)
 .debug_frame   0x00000c68       0xb0 c:/ti/ccs1011/ccs/tools/compiler/gcc-arm-none-eabi-7-2017-q4-major-win32/bin/../lib/gcc/arm-none-eabi/7.2.1/../../../../arm-none-eabi/lib/thumb/v7e-m\libg.a(lib_a-lock.o)
 .debug_frame   0x00000d18      0x25c c:/ti/ccs1011/ccs/tools/compiler/gcc-arm-none-eabi-7-2017-q4-major-win32/bin/../lib/gcc/arm-none-eabi/7.2.1/../../../../arm-none-eabi/lib/thumb/v7e-m\libg.a(lib_a-mprec.o)
 .debug_frame   0x00000f74       0x48 c:/ti/ccs1011/ccs/tools/compiler/gcc-arm-none-eabi-7-2017-q4-major-win32/bin/../lib/gcc/arm-none-eabi/7.2.1/../../../../arm-none-eabi/lib/thumb/v7e-m\libg.a(lib_a-strncmp.o)
 .debug_frame   0x00000fbc       0x34 c:/ti/ccs1011/ccs/tools/compiler/gcc-arm-none-eabi-7-2017-q4-major-win32/bin/../lib/gcc/arm-none-eabi/7.2.1/../../../../arm-none-eabi/lib/thumb/v7e-m\libg.a(lib_a-__atexit.o)
 .debug_frame   0x00000ff0       0x28 c:/ti/ccs1011/ccs/tools/compiler/gcc-arm-none-eabi-7-2017-q4-major-win32/bin/../lib/gcc/arm-none-eabi/7.2.1/../../../../arm-none-eabi/lib/thumb/v7e-m\libg.a(lib_a-callocr.o)
 .debug_frame   0x00001018       0x54 c:/ti/ccs1011/ccs/tools/compiler/gcc-arm-none-eabi-7-2017-q4-major-win32/bin/../lib/gcc/arm-none-eabi/7.2.1/../../../../arm-none-eabi/lib/thumb/v7e-m\libg.a(lib_a-mallocr.o)
 .debug_frame   0x0000106c       0x30 c:/ti/ccs1011/ccs/tools/compiler/gcc-arm-none-eabi-7-2017-q4-major-win32/bin/../lib/gcc/arm-none-eabi/7.2.1/../../../../arm-none-eabi/lib/thumb/v7e-m\libg.a(lib_a-mlock.o)
 .debug_frame   0x0000109c       0x2c c:/ti/ccs1011/ccs/tools/compiler/gcc-arm-none-eabi-7-2017-q4-major-win32/bin/../lib/gcc/arm-none-eabi/7.2.1/../../../../arm-none-eabi/lib/thumb/v7e-m\libg.a(lib_a-sbrkr.o)
 .debug_frame   0x000010c8       0x80 c:/ti/ccs1011/ccs/tools/compiler/gcc-arm-none-eabi-7-2017-q4-major-win32/bin/../lib/gcc/arm-none-eabi/7.2.1/../../../../arm-none-eabi/lib/thumb/v7e-m\libg.a(lib_a-freer.o)
 .debug_frame   0x00001148       0x68 c:/ti/ccs1011/ccs/tools/compiler/gcc-arm-none-eabi-7-2017-q4-major-win32/bin/../lib/gcc/arm-none-eabi/7.2.1/../../../../arm-none-eabi/lib/thumb/v7e-m\libg.a(lib_a-reent.o)
 .debug_frame   0x000011b0       0x24 c:/ti/ccs1011/ccs/tools/compiler/gcc-arm-none-eabi-7-2017-q4-major-win32/bin/../lib/gcc/arm-none-eabi/7.2.1/thumb/v7e-m\libgcc.a(_arm_fixunsdfsi.o)
 .debug_frame   0x000011d4       0x20 c:/ti/ccs1011/ccs/tools/compiler/gcc-arm-none-eabi-7-2017-q4-major-win32/bin/../lib/gcc/arm-none-eabi/7.2.1/../../../../arm-none-eabi/lib/thumb/v7e-m\libnosys.a(sbrk.o)
